Vivado Simulator 2014.2
Copyright 1986-1999, 2001-2014 Xilinx, Inc. All Rights Reserved.
Running: C:/Xilinx/Vivado/2014.2/bin/unwrapped/win64.o/xelab.exe --debug typical --relax -L xil_defaultlib -L unisims_ver -L unimacro_ver -L secureip --snapshot alu_tb_behav --prj E:/Academics/3rd Sem/HDL/RISC-V/RISC-V.sim/sim_1/behav/alu_tb.prj xil_defaultlib.alu_tb xil_defaultlib.glbl 
Multi-threading is on. Using 10 slave threads.
Determining compilation order of HDL files.
INFO: [VRFC 10-165] Analyzing Verilog file "E:/Academics/3rd Sem/HDL/RISC-V/RISC-V.srcs/sources_1/new/ALU.v" into library xil_defaultlib
INFO: [VRFC 10-311] analyzing module alu
INFO: [VRFC 10-311] analyzing module alu_tb
INFO: [VRFC 10-165] Analyzing Verilog file "E:/Academics/3rd Sem/HDL/RISC-V/RISC-V.srcs/sources_1/new/single_cycle_riscv.v" into library xil_defaultlib
INFO: [VRFC 10-311] analyzing module program_counter
INFO: [VRFC 10-311] analyzing module program_counter_tb
INFO: [VRFC 10-311] analyzing module instruction_memory
INFO: [VRFC 10-311] analyzing module instruction_memory_tb
INFO: [VRFC 10-311] analyzing module register_file
INFO: [VRFC 10-311] analyzing module register_file_tb
INFO: [VRFC 10-311] analyzing module sign_extender
INFO: [VRFC 10-311] analyzing module alu
WARNING: [VRFC 10-1195] overwriting previous definition of module alu [E:/Academics/3rd Sem/HDL/RISC-V/RISC-V.srcs/sources_1/new/alu.v:14]
INFO: [VRFC 10-311] analyzing module alu_tb
WARNING: [VRFC 10-1195] overwriting previous definition of module alu_tb [E:/Academics/3rd Sem/HDL/RISC-V/RISC-V.srcs/sources_1/new/alu.v:103]
INFO: [VRFC 10-311] analyzing module ALU_decoder
INFO: [VRFC 10-311] analyzing module ALU_decoder_tb
INFO: [VRFC 10-311] analyzing module main_decoder
INFO: [VRFC 10-311] analyzing module tb_main_decoder
INFO: [VRFC 10-311] analyzing module control_unit
INFO: [VRFC 10-311] analyzing module data_memory
INFO: [VRFC 10-311] analyzing module data_memory_tb
INFO: [VRFC 10-311] analyzing module pc_adder
INFO: [VRFC 10-311] analyzing module single_cycle_riscv
INFO: [VRFC 10-311] analyzing module single_cycle_riscv_tb
INFO: [VRFC 10-165] Analyzing Verilog file "C:/Xilinx/Vivado/2014.2/data/verilog/src/glbl.v" into library xil_defaultlib
INFO: [VRFC 10-311] analyzing module glbl
Starting static elaboration
Completed static elaboration
Starting simulation data flow analysis
Completed simulation data flow analysis
Time Resolution for simulation is 1ps
Compiling module xil_defaultlib.alu
Compiling module xil_defaultlib.alu_tb
Compiling module xil_defaultlib.glbl
Built simulation snapshot alu_tb_behav
