Vivado Simulator 2014.2
Copyright 1986-1999, 2001-2014 Xilinx, Inc. All Rights Reserved.
Running: C:/Xilinx/Vivado/2014.2/bin/unwrapped/win64.o/xelab.exe --debug typical --relax -L xil_defaultlib -L unisims_ver -L unimacro_ver -L secureip --snapshot single_cycle_riscv_behav --prj D:/gkris/RISC-V/RISC-V.sim/sim_1/behav/single_cycle_riscv.prj xil_defaultlib.single_cycle_riscv xil_defaultlib.glbl 
Multi-threading is on. Using 10 slave threads.
Determining compilation order of HDL files.
INFO: [VRFC 10-165] Analyzing Verilog file "D:/gkris/RISC-V/RISC-V.srcs/sim_1/imports/RISC-V/RISC-V.srcs/sources_1/new/single_cycle_riscv.v" into library xil_defaultlib
INFO: [VRFC 10-311] analyzing module single_cycle_riscv
INFO: [VRFC 10-311] analyzing module alu
INFO: [VRFC 10-311] analyzing module ALU_decoder
INFO: [VRFC 10-311] analyzing module control_unit
INFO: [VRFC 10-311] analyzing module data_memory
INFO: [VRFC 10-311] analyzing module instruction_memory
INFO: [VRFC 10-311] analyzing module main_decoder
INFO: [VRFC 10-311] analyzing module program_counter
INFO: [VRFC 10-311] analyzing module pc_adder
INFO: [VRFC 10-311] analyzing module register_file
INFO: [VRFC 10-311] analyzing module sign_extender
INFO: [VRFC 10-165] Analyzing Verilog file "D:/gkris/RISC-V/RISC-V.srcs/sources_1/new/single_cycle_riscv.v" into library xil_defaultlib
INFO: [VRFC 10-311] analyzing module single_cycle_riscv
WARNING: [VRFC 10-1195] overwriting previous definition of module single_cycle_riscv [D:/gkris/RISC-V/RISC-V.srcs/sources_1/new/single_cycle_riscv.v:20]
INFO: [VRFC 10-311] analyzing module alu
WARNING: [VRFC 10-1195] overwriting previous definition of module alu [D:/gkris/RISC-V/RISC-V.srcs/sources_1/new/single_cycle_riscv.v:153]
INFO: [VRFC 10-311] analyzing module ALU_decoder
WARNING: [VRFC 10-1195] overwriting previous definition of module ALU_decoder [D:/gkris/RISC-V/RISC-V.srcs/sources_1/new/single_cycle_riscv.v:255]
INFO: [VRFC 10-311] analyzing module control_unit
WARNING: [VRFC 10-1195] overwriting previous definition of module control_unit [D:/gkris/RISC-V/RISC-V.srcs/sources_1/new/single_cycle_riscv.v:308]
INFO: [VRFC 10-311] analyzing module data_memory
WARNING: [VRFC 10-1195] overwriting previous definition of module data_memory [D:/gkris/RISC-V/RISC-V.srcs/sources_1/new/single_cycle_riscv.v:352]
INFO: [VRFC 10-311] analyzing module instruction_memory
WARNING: [VRFC 10-1195] overwriting previous definition of module instruction_memory [D:/gkris/RISC-V/RISC-V.srcs/sources_1/new/single_cycle_riscv.v:386]
INFO: [VRFC 10-311] analyzing module main_decoder
WARNING: [VRFC 10-1195] overwriting previous definition of module main_decoder [D:/gkris/RISC-V/RISC-V.srcs/sources_1/new/single_cycle_riscv.v:404]
INFO: [VRFC 10-311] analyzing module program_counter
WARNING: [VRFC 10-1195] overwriting previous definition of module program_counter [D:/gkris/RISC-V/RISC-V.srcs/sources_1/new/single_cycle_riscv.v:503]
INFO: [VRFC 10-311] analyzing module pc_adder
WARNING: [VRFC 10-1195] overwriting previous definition of module pc_adder [D:/gkris/RISC-V/RISC-V.srcs/sources_1/new/single_cycle_riscv.v:521]
INFO: [VRFC 10-311] analyzing module register_file
WARNING: [VRFC 10-1195] overwriting previous definition of module register_file [D:/gkris/RISC-V/RISC-V.srcs/sources_1/new/single_cycle_riscv.v:533]
INFO: [VRFC 10-311] analyzing module sign_extender
WARNING: [VRFC 10-1195] overwriting previous definition of module sign_extender [D:/gkris/RISC-V/RISC-V.srcs/sources_1/new/single_cycle_riscv.v:567]
INFO: [VRFC 10-311] analyzing module tb_single_cycle_riscv
ERROR: [VRFC 10-1065] multiple statement function/task without begin/end not supported in this mode of Verilog [D:/gkris/RISC-V/RISC-V.srcs/sources_1/new/single_cycle_riscv.v:653]
ERROR: [VRFC 10-1040] module tb_single_cycle_riscv ignored due to previous errors [D:/gkris/RISC-V/RISC-V.srcs/sources_1/new/single_cycle_riscv.v:592]
