
*** Running vivado
    with args -log single_cycle_riscv.vds -m64 -mode batch -messageDb vivado.pb -source single_cycle_riscv.tcl


****** Vivado v2014.2 (64-bit)
  **** SW Build 932637 on Wed Jun 11 13:33:10 MDT 2014
  **** IP Build 924643 on Fri May 30 09:20:16 MDT 2014
    ** Copyright 1986-2014 Xilinx, Inc. All Rights Reserved.

source single_cycle_riscv.tcl
# set_param gui.test TreeTableDev
# set_msg_config -id {HDL 9-1061} -limit 100000
# set_msg_config -id {HDL 9-1654} -limit 100000
# set_msg_config -id {Synth 8-256} -limit 10000
# set_msg_config -id {Synth 8-638} -limit 10000
# create_project -in_memory -part xc7a35tcpg236-1
# set_property target_language Verilog [current_project]
# set_param project.compositeFile.enableAutoGeneration 0
# set_property default_lib xil_defaultlib [current_project]
# read_verilog -library xil_defaultlib D:/gkris/RISC-V/RISC-V.srcs/sources_1/new/single_cycle_riscv.v
WARNING: [filemgmt 20-1763] Vivado Synthesis ignores library specification for Verilog or SystemVerilog files. [D:/gkris/RISC-V/RISC-V.srcs/sources_1/new/single_cycle_riscv.v]
# set_param synth.vivado.isSynthRun true
# set_property webtalk.parent_dir D:/gkris/RISC-V/RISC-V.cache/wt [current_project]
# set_property parent.project_dir D:/gkris/RISC-V [current_project]
# catch { write_hwdef -file single_cycle_riscv.hwdef }
INFO: [Vivado_Tcl 4-279] hardware handoff file cannot be generated as there is no block diagram instance in the design
# synth_design -top single_cycle_riscv -part xc7a35tcpg236-1
Command: synth_design -top single_cycle_riscv -part xc7a35tcpg236-1

Starting synthesis...

Attempting to get a license for feature 'Synthesis' and/or device 'xc7a35t'
INFO: [Common 17-349] Got license for feature 'Synthesis' and/or device 'xc7a35t'
---------------------------------------------------------------------------------
Starting Synthesize : Time (s): cpu = 00:00:02 ; elapsed = 00:00:02 . Memory (MB): peak = 228.918 ; gain = 97.262
---------------------------------------------------------------------------------
INFO: [Synth 8-638] synthesizing module 'single_cycle_riscv' [D:/gkris/RISC-V/RISC-V.srcs/sources_1/new/single_cycle_riscv.v:17]
INFO: [Synth 8-638] synthesizing module 'program_counter' [D:/gkris/RISC-V/RISC-V.srcs/sources_1/new/single_cycle_riscv.v:458]
INFO: [Synth 8-256] done synthesizing module 'program_counter' (1#1) [D:/gkris/RISC-V/RISC-V.srcs/sources_1/new/single_cycle_riscv.v:458]
INFO: [Synth 8-638] synthesizing module 'pc_adder' [D:/gkris/RISC-V/RISC-V.srcs/sources_1/new/single_cycle_riscv.v:475]
INFO: [Synth 8-256] done synthesizing module 'pc_adder' (2#1) [D:/gkris/RISC-V/RISC-V.srcs/sources_1/new/single_cycle_riscv.v:475]
INFO: [Synth 8-638] synthesizing module 'instruction_memory' [D:/gkris/RISC-V/RISC-V.srcs/sources_1/new/single_cycle_riscv.v:352]

Warning: Trying to implement RAM in registers. Block RAM or DRAM implementation is not possible for one or more of the following reasons :
	1: Unable to determine number of words or word size in RAM. 
RAM dissolved into registers
WARNING: [Synth 8-3848] Net mem in module/entity instruction_memory does not have driver. [D:/gkris/RISC-V/RISC-V.srcs/sources_1/new/single_cycle_riscv.v:359]
WARNING: [Synth 8-3848] Net mem in module/entity instruction_memory does not have driver. [D:/gkris/RISC-V/RISC-V.srcs/sources_1/new/single_cycle_riscv.v:359]
WARNING: [Synth 8-3848] Net mem in module/entity instruction_memory does not have driver. [D:/gkris/RISC-V/RISC-V.srcs/sources_1/new/single_cycle_riscv.v:359]
WARNING: [Synth 8-3848] Net mem in module/entity instruction_memory does not have driver. [D:/gkris/RISC-V/RISC-V.srcs/sources_1/new/single_cycle_riscv.v:359]
WARNING: [Synth 8-3848] Net mem in module/entity instruction_memory does not have driver. [D:/gkris/RISC-V/RISC-V.srcs/sources_1/new/single_cycle_riscv.v:359]
WARNING: [Synth 8-3848] Net mem in module/entity instruction_memory does not have driver. [D:/gkris/RISC-V/RISC-V.srcs/sources_1/new/single_cycle_riscv.v:359]
WARNING: [Synth 8-3848] Net mem in module/entity instruction_memory does not have driver. [D:/gkris/RISC-V/RISC-V.srcs/sources_1/new/single_cycle_riscv.v:359]
WARNING: [Synth 8-3848] Net mem in module/entity instruction_memory does not have driver. [D:/gkris/RISC-V/RISC-V.srcs/sources_1/new/single_cycle_riscv.v:359]
WARNING: [Synth 8-3848] Net mem in module/entity instruction_memory does not have driver. [D:/gkris/RISC-V/RISC-V.srcs/sources_1/new/single_cycle_riscv.v:359]
WARNING: [Synth 8-3848] Net mem in module/entity instruction_memory does not have driver. [D:/gkris/RISC-V/RISC-V.srcs/sources_1/new/single_cycle_riscv.v:359]
WARNING: [Synth 8-3848] Net mem in module/entity instruction_memory does not have driver. [D:/gkris/RISC-V/RISC-V.srcs/sources_1/new/single_cycle_riscv.v:359]
WARNING: [Synth 8-3848] Net mem in module/entity instruction_memory does not have driver. [D:/gkris/RISC-V/RISC-V.srcs/sources_1/new/single_cycle_riscv.v:359]
WARNING: [Synth 8-3848] Net mem in module/entity instruction_memory does not have driver. [D:/gkris/RISC-V/RISC-V.srcs/sources_1/new/single_cycle_riscv.v:359]
WARNING: [Synth 8-3848] Net mem in module/entity instruction_memory does not have driver. [D:/gkris/RISC-V/RISC-V.srcs/sources_1/new/single_cycle_riscv.v:359]
WARNING: [Synth 8-3848] Net mem in module/entity instruction_memory does not have driver. [D:/gkris/RISC-V/RISC-V.srcs/sources_1/new/single_cycle_riscv.v:359]
WARNING: [Synth 8-3848] Net mem in module/entity instruction_memory does not have driver. [D:/gkris/RISC-V/RISC-V.srcs/sources_1/new/single_cycle_riscv.v:359]
WARNING: [Synth 8-3848] Net mem in module/entity instruction_memory does not have driver. [D:/gkris/RISC-V/RISC-V.srcs/sources_1/new/single_cycle_riscv.v:359]
WARNING: [Synth 8-3848] Net mem in module/entity instruction_memory does not have driver. [D:/gkris/RISC-V/RISC-V.srcs/sources_1/new/single_cycle_riscv.v:359]
WARNING: [Synth 8-3848] Net mem in module/entity instruction_memory does not have driver. [D:/gkris/RISC-V/RISC-V.srcs/sources_1/new/single_cycle_riscv.v:359]
WARNING: [Synth 8-3848] Net mem in module/entity instruction_memory does not have driver. [D:/gkris/RISC-V/RISC-V.srcs/sources_1/new/single_cycle_riscv.v:359]
WARNING: [Synth 8-3848] Net mem in module/entity instruction_memory does not have driver. [D:/gkris/RISC-V/RISC-V.srcs/sources_1/new/single_cycle_riscv.v:359]
WARNING: [Synth 8-3848] Net mem in module/entity instruction_memory does not have driver. [D:/gkris/RISC-V/RISC-V.srcs/sources_1/new/single_cycle_riscv.v:359]
WARNING: [Synth 8-3848] Net mem in module/entity instruction_memory does not have driver. [D:/gkris/RISC-V/RISC-V.srcs/sources_1/new/single_cycle_riscv.v:359]
WARNING: [Synth 8-3848] Net mem in module/entity instruction_memory does not have driver. [D:/gkris/RISC-V/RISC-V.srcs/sources_1/new/single_cycle_riscv.v:359]
WARNING: [Synth 8-3848] Net mem in module/entity instruction_memory does not have driver. [D:/gkris/RISC-V/RISC-V.srcs/sources_1/new/single_cycle_riscv.v:359]
WARNING: [Synth 8-3848] Net mem in module/entity instruction_memory does not have driver. [D:/gkris/RISC-V/RISC-V.srcs/sources_1/new/single_cycle_riscv.v:359]
WARNING: [Synth 8-3848] Net mem in module/entity instruction_memory does not have driver. [D:/gkris/RISC-V/RISC-V.srcs/sources_1/new/single_cycle_riscv.v:359]
WARNING: [Synth 8-3848] Net mem in module/entity instruction_memory does not have driver. [D:/gkris/RISC-V/RISC-V.srcs/sources_1/new/single_cycle_riscv.v:359]
WARNING: [Synth 8-3848] Net mem in module/entity instruction_memory does not have driver. [D:/gkris/RISC-V/RISC-V.srcs/sources_1/new/single_cycle_riscv.v:359]
WARNING: [Synth 8-3848] Net mem in module/entity instruction_memory does not have driver. [D:/gkris/RISC-V/RISC-V.srcs/sources_1/new/single_cycle_riscv.v:359]
WARNING: [Synth 8-3848] Net mem in module/entity instruction_memory does not have driver. [D:/gkris/RISC-V/RISC-V.srcs/sources_1/new/single_cycle_riscv.v:359]
WARNING: [Synth 8-3848] Net mem in module/entity instruction_memory does not have driver. [D:/gkris/RISC-V/RISC-V.srcs/sources_1/new/single_cycle_riscv.v:359]
WARNING: [Synth 8-3848] Net mem in module/entity instruction_memory does not have driver. [D:/gkris/RISC-V/RISC-V.srcs/sources_1/new/single_cycle_riscv.v:359]
WARNING: [Synth 8-3848] Net mem in module/entity instruction_memory does not have driver. [D:/gkris/RISC-V/RISC-V.srcs/sources_1/new/single_cycle_riscv.v:359]
WARNING: [Synth 8-3848] Net mem in module/entity instruction_memory does not have driver. [D:/gkris/RISC-V/RISC-V.srcs/sources_1/new/single_cycle_riscv.v:359]
WARNING: [Synth 8-3848] Net mem in module/entity instruction_memory does not have driver. [D:/gkris/RISC-V/RISC-V.srcs/sources_1/new/single_cycle_riscv.v:359]
WARNING: [Synth 8-3848] Net mem in module/entity instruction_memory does not have driver. [D:/gkris/RISC-V/RISC-V.srcs/sources_1/new/single_cycle_riscv.v:359]
WARNING: [Synth 8-3848] Net mem in module/entity instruction_memory does not have driver. [D:/gkris/RISC-V/RISC-V.srcs/sources_1/new/single_cycle_riscv.v:359]
WARNING: [Synth 8-3848] Net mem in module/entity instruction_memory does not have driver. [D:/gkris/RISC-V/RISC-V.srcs/sources_1/new/single_cycle_riscv.v:359]
WARNING: [Synth 8-3848] Net mem in module/entity instruction_memory does not have driver. [D:/gkris/RISC-V/RISC-V.srcs/sources_1/new/single_cycle_riscv.v:359]
WARNING: [Synth 8-3848] Net mem in module/entity instruction_memory does not have driver. [D:/gkris/RISC-V/RISC-V.srcs/sources_1/new/single_cycle_riscv.v:359]
WARNING: [Synth 8-3848] Net mem in module/entity instruction_memory does not have driver. [D:/gkris/RISC-V/RISC-V.srcs/sources_1/new/single_cycle_riscv.v:359]
WARNING: [Synth 8-3848] Net mem in module/entity instruction_memory does not have driver. [D:/gkris/RISC-V/RISC-V.srcs/sources_1/new/single_cycle_riscv.v:359]
WARNING: [Synth 8-3848] Net mem in module/entity instruction_memory does not have driver. [D:/gkris/RISC-V/RISC-V.srcs/sources_1/new/single_cycle_riscv.v:359]
WARNING: [Synth 8-3848] Net mem in module/entity instruction_memory does not have driver. [D:/gkris/RISC-V/RISC-V.srcs/sources_1/new/single_cycle_riscv.v:359]
WARNING: [Synth 8-3848] Net mem in module/entity instruction_memory does not have driver. [D:/gkris/RISC-V/RISC-V.srcs/sources_1/new/single_cycle_riscv.v:359]
WARNING: [Synth 8-3848] Net mem in module/entity instruction_memory does not have driver. [D:/gkris/RISC-V/RISC-V.srcs/sources_1/new/single_cycle_riscv.v:359]
WARNING: [Synth 8-3848] Net mem in module/entity instruction_memory does not have driver. [D:/gkris/RISC-V/RISC-V.srcs/sources_1/new/single_cycle_riscv.v:359]
WARNING: [Synth 8-3848] Net mem in module/entity instruction_memory does not have driver. [D:/gkris/RISC-V/RISC-V.srcs/sources_1/new/single_cycle_riscv.v:359]
WARNING: [Synth 8-3848] Net mem in module/entity instruction_memory does not have driver. [D:/gkris/RISC-V/RISC-V.srcs/sources_1/new/single_cycle_riscv.v:359]
WARNING: [Synth 8-3848] Net mem in module/entity instruction_memory does not have driver. [D:/gkris/RISC-V/RISC-V.srcs/sources_1/new/single_cycle_riscv.v:359]
WARNING: [Synth 8-3848] Net mem in module/entity instruction_memory does not have driver. [D:/gkris/RISC-V/RISC-V.srcs/sources_1/new/single_cycle_riscv.v:359]
WARNING: [Synth 8-3848] Net mem in module/entity instruction_memory does not have driver. [D:/gkris/RISC-V/RISC-V.srcs/sources_1/new/single_cycle_riscv.v:359]
WARNING: [Synth 8-3848] Net mem in module/entity instruction_memory does not have driver. [D:/gkris/RISC-V/RISC-V.srcs/sources_1/new/single_cycle_riscv.v:359]
WARNING: [Synth 8-3848] Net mem in module/entity instruction_memory does not have driver. [D:/gkris/RISC-V/RISC-V.srcs/sources_1/new/single_cycle_riscv.v:359]
WARNING: [Synth 8-3848] Net mem in module/entity instruction_memory does not have driver. [D:/gkris/RISC-V/RISC-V.srcs/sources_1/new/single_cycle_riscv.v:359]
WARNING: [Synth 8-3848] Net mem in module/entity instruction_memory does not have driver. [D:/gkris/RISC-V/RISC-V.srcs/sources_1/new/single_cycle_riscv.v:359]
WARNING: [Synth 8-3848] Net mem in module/entity instruction_memory does not have driver. [D:/gkris/RISC-V/RISC-V.srcs/sources_1/new/single_cycle_riscv.v:359]
WARNING: [Synth 8-3848] Net mem in module/entity instruction_memory does not have driver. [D:/gkris/RISC-V/RISC-V.srcs/sources_1/new/single_cycle_riscv.v:359]
WARNING: [Synth 8-3848] Net mem in module/entity instruction_memory does not have driver. [D:/gkris/RISC-V/RISC-V.srcs/sources_1/new/single_cycle_riscv.v:359]
WARNING: [Synth 8-3848] Net mem in module/entity instruction_memory does not have driver. [D:/gkris/RISC-V/RISC-V.srcs/sources_1/new/single_cycle_riscv.v:359]
WARNING: [Synth 8-3848] Net mem in module/entity instruction_memory does not have driver. [D:/gkris/RISC-V/RISC-V.srcs/sources_1/new/single_cycle_riscv.v:359]
WARNING: [Synth 8-3848] Net mem in module/entity instruction_memory does not have driver. [D:/gkris/RISC-V/RISC-V.srcs/sources_1/new/single_cycle_riscv.v:359]
WARNING: [Synth 8-3848] Net mem in module/entity instruction_memory does not have driver. [D:/gkris/RISC-V/RISC-V.srcs/sources_1/new/single_cycle_riscv.v:359]
WARNING: [Synth 8-3848] Net mem in module/entity instruction_memory does not have driver. [D:/gkris/RISC-V/RISC-V.srcs/sources_1/new/single_cycle_riscv.v:359]
WARNING: [Synth 8-3848] Net mem in module/entity instruction_memory does not have driver. [D:/gkris/RISC-V/RISC-V.srcs/sources_1/new/single_cycle_riscv.v:359]
WARNING: [Synth 8-3848] Net mem in module/entity instruction_memory does not have driver. [D:/gkris/RISC-V/RISC-V.srcs/sources_1/new/single_cycle_riscv.v:359]
WARNING: [Synth 8-3848] Net mem in module/entity instruction_memory does not have driver. [D:/gkris/RISC-V/RISC-V.srcs/sources_1/new/single_cycle_riscv.v:359]
WARNING: [Synth 8-3848] Net mem in module/entity instruction_memory does not have driver. [D:/gkris/RISC-V/RISC-V.srcs/sources_1/new/single_cycle_riscv.v:359]
WARNING: [Synth 8-3848] Net mem in module/entity instruction_memory does not have driver. [D:/gkris/RISC-V/RISC-V.srcs/sources_1/new/single_cycle_riscv.v:359]
WARNING: [Synth 8-3848] Net mem in module/entity instruction_memory does not have driver. [D:/gkris/RISC-V/RISC-V.srcs/sources_1/new/single_cycle_riscv.v:359]
WARNING: [Synth 8-3848] Net mem in module/entity instruction_memory does not have driver. [D:/gkris/RISC-V/RISC-V.srcs/sources_1/new/single_cycle_riscv.v:359]
WARNING: [Synth 8-3848] Net mem in module/entity instruction_memory does not have driver. [D:/gkris/RISC-V/RISC-V.srcs/sources_1/new/single_cycle_riscv.v:359]
WARNING: [Synth 8-3848] Net mem in module/entity instruction_memory does not have driver. [D:/gkris/RISC-V/RISC-V.srcs/sources_1/new/single_cycle_riscv.v:359]
WARNING: [Synth 8-3848] Net mem in module/entity instruction_memory does not have driver. [D:/gkris/RISC-V/RISC-V.srcs/sources_1/new/single_cycle_riscv.v:359]
WARNING: [Synth 8-3848] Net mem in module/entity instruction_memory does not have driver. [D:/gkris/RISC-V/RISC-V.srcs/sources_1/new/single_cycle_riscv.v:359]
WARNING: [Synth 8-3848] Net mem in module/entity instruction_memory does not have driver. [D:/gkris/RISC-V/RISC-V.srcs/sources_1/new/single_cycle_riscv.v:359]
WARNING: [Synth 8-3848] Net mem in module/entity instruction_memory does not have driver. [D:/gkris/RISC-V/RISC-V.srcs/sources_1/new/single_cycle_riscv.v:359]
WARNING: [Synth 8-3848] Net mem in module/entity instruction_memory does not have driver. [D:/gkris/RISC-V/RISC-V.srcs/sources_1/new/single_cycle_riscv.v:359]
WARNING: [Synth 8-3848] Net mem in module/entity instruction_memory does not have driver. [D:/gkris/RISC-V/RISC-V.srcs/sources_1/new/single_cycle_riscv.v:359]
WARNING: [Synth 8-3848] Net mem in module/entity instruction_memory does not have driver. [D:/gkris/RISC-V/RISC-V.srcs/sources_1/new/single_cycle_riscv.v:359]
WARNING: [Synth 8-3848] Net mem in module/entity instruction_memory does not have driver. [D:/gkris/RISC-V/RISC-V.srcs/sources_1/new/single_cycle_riscv.v:359]
WARNING: [Synth 8-3848] Net mem in module/entity instruction_memory does not have driver. [D:/gkris/RISC-V/RISC-V.srcs/sources_1/new/single_cycle_riscv.v:359]
WARNING: [Synth 8-3848] Net mem in module/entity instruction_memory does not have driver. [D:/gkris/RISC-V/RISC-V.srcs/sources_1/new/single_cycle_riscv.v:359]
WARNING: [Synth 8-3848] Net mem in module/entity instruction_memory does not have driver. [D:/gkris/RISC-V/RISC-V.srcs/sources_1/new/single_cycle_riscv.v:359]
WARNING: [Synth 8-3848] Net mem in module/entity instruction_memory does not have driver. [D:/gkris/RISC-V/RISC-V.srcs/sources_1/new/single_cycle_riscv.v:359]
WARNING: [Synth 8-3848] Net mem in module/entity instruction_memory does not have driver. [D:/gkris/RISC-V/RISC-V.srcs/sources_1/new/single_cycle_riscv.v:359]
WARNING: [Synth 8-3848] Net mem in module/entity instruction_memory does not have driver. [D:/gkris/RISC-V/RISC-V.srcs/sources_1/new/single_cycle_riscv.v:359]
WARNING: [Synth 8-3848] Net mem in module/entity instruction_memory does not have driver. [D:/gkris/RISC-V/RISC-V.srcs/sources_1/new/single_cycle_riscv.v:359]
WARNING: [Synth 8-3848] Net mem in module/entity instruction_memory does not have driver. [D:/gkris/RISC-V/RISC-V.srcs/sources_1/new/single_cycle_riscv.v:359]
WARNING: [Synth 8-3848] Net mem in module/entity instruction_memory does not have driver. [D:/gkris/RISC-V/RISC-V.srcs/sources_1/new/single_cycle_riscv.v:359]
WARNING: [Synth 8-3848] Net mem in module/entity instruction_memory does not have driver. [D:/gkris/RISC-V/RISC-V.srcs/sources_1/new/single_cycle_riscv.v:359]
WARNING: [Synth 8-3848] Net mem in module/entity instruction_memory does not have driver. [D:/gkris/RISC-V/RISC-V.srcs/sources_1/new/single_cycle_riscv.v:359]
WARNING: [Synth 8-3848] Net mem in module/entity instruction_memory does not have driver. [D:/gkris/RISC-V/RISC-V.srcs/sources_1/new/single_cycle_riscv.v:359]
WARNING: [Synth 8-3848] Net mem in module/entity instruction_memory does not have driver. [D:/gkris/RISC-V/RISC-V.srcs/sources_1/new/single_cycle_riscv.v:359]
WARNING: [Synth 8-3848] Net mem in module/entity instruction_memory does not have driver. [D:/gkris/RISC-V/RISC-V.srcs/sources_1/new/single_cycle_riscv.v:359]
WARNING: [Synth 8-3848] Net mem in module/entity instruction_memory does not have driver. [D:/gkris/RISC-V/RISC-V.srcs/sources_1/new/single_cycle_riscv.v:359]
WARNING: [Synth 8-3848] Net mem in module/entity instruction_memory does not have driver. [D:/gkris/RISC-V/RISC-V.srcs/sources_1/new/single_cycle_riscv.v:359]
WARNING: [Synth 8-3848] Net mem in module/entity instruction_memory does not have driver. [D:/gkris/RISC-V/RISC-V.srcs/sources_1/new/single_cycle_riscv.v:359]
WARNING: [Synth 8-3848] Net mem in module/entity instruction_memory does not have driver. [D:/gkris/RISC-V/RISC-V.srcs/sources_1/new/single_cycle_riscv.v:359]
INFO: [Common 17-14] Message 'Synth 8-3848' appears 100 times and further instances of the messages will be disabled. Use the Tcl command set_msg_config to change the current settings.
INFO: [Synth 8-256] done synthesizing module 'instruction_memory' (3#1) [D:/gkris/RISC-V/RISC-V.srcs/sources_1/new/single_cycle_riscv.v:352]
INFO: [Synth 8-638] synthesizing module 'register_file' [D:/gkris/RISC-V/RISC-V.srcs/sources_1/new/single_cycle_riscv.v:485]
INFO: [Synth 8-256] done synthesizing module 'register_file' (4#1) [D:/gkris/RISC-V/RISC-V.srcs/sources_1/new/single_cycle_riscv.v:485]
INFO: [Synth 8-638] synthesizing module 'sign_extender' [D:/gkris/RISC-V/RISC-V.srcs/sources_1/new/single_cycle_riscv.v:514]
INFO: [Synth 8-256] done synthesizing module 'sign_extender' (5#1) [D:/gkris/RISC-V/RISC-V.srcs/sources_1/new/single_cycle_riscv.v:514]
INFO: [Synth 8-638] synthesizing module 'alu' [D:/gkris/RISC-V/RISC-V.srcs/sources_1/new/single_cycle_riscv.v:146]
INFO: [Synth 8-226] default block is never used [D:/gkris/RISC-V/RISC-V.srcs/sources_1/new/single_cycle_riscv.v:166]
INFO: [Synth 8-256] done synthesizing module 'alu' (6#1) [D:/gkris/RISC-V/RISC-V.srcs/sources_1/new/single_cycle_riscv.v:146]
INFO: [Synth 8-638] synthesizing module 'control_unit' [D:/gkris/RISC-V/RISC-V.srcs/sources_1/new/single_cycle_riscv.v:279]
INFO: [Synth 8-638] synthesizing module 'main_decoder' [D:/gkris/RISC-V/RISC-V.srcs/sources_1/new/single_cycle_riscv.v:371]
INFO: [Synth 8-256] done synthesizing module 'main_decoder' (7#1) [D:/gkris/RISC-V/RISC-V.srcs/sources_1/new/single_cycle_riscv.v:371]
INFO: [Synth 8-638] synthesizing module 'ALU_decoder' [D:/gkris/RISC-V/RISC-V.srcs/sources_1/new/single_cycle_riscv.v:238]
INFO: [Synth 8-256] done synthesizing module 'ALU_decoder' (8#1) [D:/gkris/RISC-V/RISC-V.srcs/sources_1/new/single_cycle_riscv.v:238]
INFO: [Synth 8-256] done synthesizing module 'control_unit' (9#1) [D:/gkris/RISC-V/RISC-V.srcs/sources_1/new/single_cycle_riscv.v:279]
INFO: [Synth 8-638] synthesizing module 'data_memory' [D:/gkris/RISC-V/RISC-V.srcs/sources_1/new/single_cycle_riscv.v:319]
INFO: [Synth 8-256] done synthesizing module 'data_memory' (10#1) [D:/gkris/RISC-V/RISC-V.srcs/sources_1/new/single_cycle_riscv.v:319]
INFO: [Synth 8-256] done synthesizing module 'single_cycle_riscv' (11#1) [D:/gkris/RISC-V/RISC-V.srcs/sources_1/new/single_cycle_riscv.v:17]
---------------------------------------------------------------------------------
Finished Synthesize : Time (s): cpu = 00:00:04 ; elapsed = 00:00:04 . Memory (MB): peak = 346.785 ; gain = 215.129
---------------------------------------------------------------------------------
---------------------------------------------------------------------------------
Start RTL Optimization
---------------------------------------------------------------------------------
---------------------------------------------------------------------------------
Start Loading Part and Timing Information
---------------------------------------------------------------------------------
Loading part: xc7a35tcpg236-1
---------------------------------------------------------------------------------
Finished Loading Part and Timing Information : Time (s): cpu = 00:00:04 ; elapsed = 00:00:04 . Memory (MB): peak = 346.785 ; gain = 215.129
---------------------------------------------------------------------------------
---------------------------------------------------------------------------------
Finished RTL Optimization : Time (s): cpu = 00:00:04 ; elapsed = 00:00:04 . Memory (MB): peak = 346.785 ; gain = 215.129
---------------------------------------------------------------------------------
INFO: [Synth 8-3537] HDL ADVISOR - The operator resource <adder> is shared. To prevent sharing consider applying a KEEP on the inputs of the operator [D:/gkris/RISC-V/RISC-V.srcs/sources_1/new/single_cycle_riscv.v:166]
INFO: [Synth 8-3537] HDL ADVISOR - The operator resource <adder> is shared. To prevent sharing consider applying a KEEP on the inputs of the operator [D:/gkris/RISC-V/RISC-V.srcs/sources_1/new/single_cycle_riscv.v:166]
Loading clock regions from C:/Xilinx/Vivado/2014.2/data\parts/xilinx/artix7/artix7/xc7a35t/ClockRegion.xml
Loading clock buffers from C:/Xilinx/Vivado/2014.2/data\parts/xilinx/artix7/artix7/xc7a35t/ClockBuffers.xml
Loading clock placement rules from C:/Xilinx/Vivado/2014.2/data/parts/xilinx/artix7/ClockPlacerRules.xml
Loading package pin functions from C:/Xilinx/Vivado/2014.2/data\parts/xilinx/artix7/PinFunctions.xml...
Loading package from C:/Xilinx/Vivado/2014.2/data\parts/xilinx/artix7/artix7/xc7a35t/cpg236/Package.xml
Loading io standards from C:/Xilinx/Vivado/2014.2/data\./parts/xilinx/artix7/IOStandards.xml
Loading device configuration modes from C:/Xilinx/Vivado/2014.2/data\parts/xilinx/artix7/ConfigModes.xml

Report RTL Partitions: 
+------+-------------------------+------------+----------+
|      |RTL Partition            |Replication |Instances |
+------+-------------------------+------------+----------+
|1     |data_memory__GB0         |           1|     32769|
|2     |data_memory__GB1         |           1|      5417|
|3     |data_memory__GB2         |           1|      9624|
|4     |data_memory__GB3         |           1|     13515|
|5     |data_memory__GB4         |           1|     18280|
|6     |single_cycle_riscv__GCB0 |           1|     33374|
|7     |single_cycle_riscv__GCB1 |           1|      5766|
+------+-------------------------+------------+----------+
No constraint files found.
---------------------------------------------------------------------------------
Start RTL Component Statistics 
---------------------------------------------------------------------------------
Detailed RTL Component Info : 
+---Adders : 
	   3 Input     33 Bit       Adders := 1     
	   3 Input     32 Bit       Adders := 1     
	   2 Input     32 Bit       Adders := 3     
+---XORs : 
	   2 Input     32 Bit         XORs := 2     
	   4 Input      1 Bit         XORs := 1     
+---Registers : 
	               32 Bit    Registers := 1025  
+---RAMs : 
	             1024 Bit         RAMs := 1     
+---Muxes : 
	   8 Input     33 Bit        Muxes := 1     
	   2 Input     32 Bit        Muxes := 6     
	   4 Input     32 Bit        Muxes := 1     
	   8 Input     32 Bit        Muxes := 1     
	   6 Input      3 Bit        Muxes := 1     
	   4 Input      3 Bit        Muxes := 1     
	   5 Input      3 Bit        Muxes := 1     
	   2 Input      3 Bit        Muxes := 1     
	   6 Input      2 Bit        Muxes := 2     
	   6 Input      1 Bit        Muxes := 5     
	   2 Input      1 Bit        Muxes := 1029  
---------------------------------------------------------------------------------
Finished RTL Component Statistics 
---------------------------------------------------------------------------------
---------------------------------------------------------------------------------
Start RTL Hierarchical Component Statistics 
---------------------------------------------------------------------------------
Hierarchical RTL Component report 
Module single_cycle_riscv 
Detailed RTL Component Info : 
+---Muxes : 
	   2 Input     32 Bit        Muxes := 3     
Module data_memory 
Detailed RTL Component Info : 
+---Registers : 
	               32 Bit    Registers := 1024  
+---Muxes : 
	   2 Input      1 Bit        Muxes := 1024  
Module program_counter 
Detailed RTL Component Info : 
+---Registers : 
	               32 Bit    Registers := 1     
Module pc_adder__1 
Detailed RTL Component Info : 
+---Adders : 
	   2 Input     32 Bit       Adders := 1     
Module pc_adder 
Detailed RTL Component Info : 
+---Adders : 
	   2 Input     32 Bit       Adders := 1     
Module instruction_memory 
Detailed RTL Component Info : 
+---Muxes : 
	   2 Input     32 Bit        Muxes := 1     
Module sign_extender 
Detailed RTL Component Info : 
+---Muxes : 
	   4 Input     32 Bit        Muxes := 1     
Module main_decoder 
Detailed RTL Component Info : 
+---Muxes : 
	   6 Input      2 Bit        Muxes := 2     
	   6 Input      1 Bit        Muxes := 5     
Module ALU_decoder 
Detailed RTL Component Info : 
+---Muxes : 
	   4 Input      3 Bit        Muxes := 1     
	   6 Input      3 Bit        Muxes := 1     
	   2 Input      3 Bit        Muxes := 1     
	   5 Input      3 Bit        Muxes := 1     
Module control_unit 
Detailed RTL Component Info : 
Module alu 
Detailed RTL Component Info : 
+---Adders : 
	   3 Input     33 Bit       Adders := 1     
	   2 Input     32 Bit       Adders := 1     
	   3 Input     32 Bit       Adders := 1     
+---XORs : 
	   2 Input     32 Bit         XORs := 2     
	   4 Input      1 Bit         XORs := 1     
+---Muxes : 
	   8 Input     33 Bit        Muxes := 1     
	   8 Input     32 Bit        Muxes := 1     
	   2 Input      1 Bit        Muxes := 5     
Module register_file 
Detailed RTL Component Info : 
+---RAMs : 
	             1024 Bit         RAMs := 1     
+---Muxes : 
	   2 Input     32 Bit        Muxes := 2     
---------------------------------------------------------------------------------
Finished RTL Hierarchical Component Statistics
---------------------------------------------------------------------------------
---------------------------------------------------------------------------------
Start Part Resource Summary
---------------------------------------------------------------------------------
Part Resources:
DSPs: 120 (col length:60)
BRAMs: 150 (col length: RAMB18 60 RAMB36 30)
---------------------------------------------------------------------------------
Finished Part Resource Summary
---------------------------------------------------------------------------------
Workers Ready, Starting Parallel Section  : Time (s): cpu = 00:00:11 ; elapsed = 00:00:10 . Memory (MB): peak = 505.777 ; gain = 374.121
---------------------------------------------------------------------------------
Start Cross Boundary Optimization
---------------------------------------------------------------------------------
DSP Report: Generating DSP result0, operation Mode is: A*B.
DSP Report: operator result0 is absorbed into DSP result0.
DSP Report: operator result0 is absorbed into DSP result0.
DSP Report: Generating DSP result0, operation Mode is: A*B.
DSP Report: operator result0 is absorbed into DSP result0.
DSP Report: operator result0 is absorbed into DSP result0.
DSP Report: Generating DSP result0, operation Mode is: (PCIN>>17)+A*B.
DSP Report: operator result0 is absorbed into DSP result0.
DSP Report: operator result0 is absorbed into DSP result0.
---------------------------------------------------------------------------------
Finished Cross Boundary Optimization : Time (s): cpu = 00:00:18 ; elapsed = 00:00:17 . Memory (MB): peak = 538.020 ; gain = 406.363
---------------------------------------------------------------------------------
Finished Parallel Reinfer  : Time (s): cpu = 00:00:18 ; elapsed = 00:00:17 . Memory (MB): peak = 538.020 ; gain = 406.363
---------------------------------------------------------------------------------
Start RAM, DSP and Shift Register Reporting
---------------------------------------------------------------------------------

Distributed RAM: 
+-------------------------+-----------------------+--------------------+----------------------+---------------+-------------------+
|Module Name              | RTL Object            | Inference Criteria | Size (depth X width) | Primitives    | Hierarchical Name | 
+-------------------------+-----------------------+--------------------+----------------------+---------------+-------------------+
|single_cycle_riscv__GCB1 | rg_file/registers_reg | Implied            | 32 X 32              | RAM32M x 12   | ram__1            | 
+-------------------------+-----------------------+--------------------+----------------------+---------------+-------------------+

Note: The table shows RAMs generated at current stage. Some RAM generation could be reversed due to later optimizations. Mutiple instantiated RAMs are reported only once. "Hierarchical Name" reflects the hierarchical modules names of the RAM and only part of it is displayed.
DSP:
+------------+----------------+--------------+------------------+--------+--------+--------+--------+------+------+------+------+------+
|Module Name | OP MODE        | Neg Edge Clk | A Size (Signed?) | B Size | C Size | D Size | P Size | AREG | BREG | CREG | DREG | PREG | 
+------------+----------------+--------------+------------------+--------+--------+--------+--------+------+------+------+------+------+
|alu         | A*B            | No           | 15 (N)           | 15 (Y) | 48 (N) | 25 (N) | 15 (N) | 0    | 0    | 1    | 1    | 0    | 
|alu         | A*B            | No           | 18 (N)           | 18 (N) | 48 (N) | 25 (N) | 48 (Y) | 0    | 0    | 1    | 1    | 0    | 
|alu         | (PCIN>>17)+A*B | No           | 15 (Y)           | 15 (N) | 15 (Y) | 25 (N) | 15 (N) | 0    | 0    | 1    | 1    | 0    | 
+------------+----------------+--------------+------------------+--------+--------+--------+--------+------+------+------+------+------+

Note: The table shows DSPs generated at current stage. Some DSP generation could be reversed due to later optimizations. Mutiple instantiated DSPs are reported only once.
---------------------------------------------------------------------------------
Finished RAM, DSP and Shift Register Reporting
---------------------------------------------------------------------------------
No constraint files found.
---------------------------------------------------------------------------------
Start Area Optimization
---------------------------------------------------------------------------------
---------------------------------------------------------------------------------
Finished Area Optimization : Time (s): cpu = 00:00:18 ; elapsed = 00:00:17 . Memory (MB): peak = 538.020 ; gain = 406.363
---------------------------------------------------------------------------------
Finished Parallel Area Opt  : Time (s): cpu = 00:00:18 ; elapsed = 00:00:17 . Memory (MB): peak = 538.020 ; gain = 406.363
Finished Parallel Section  : Time (s): cpu = 00:00:18 ; elapsed = 00:00:17 . Memory (MB): peak = 538.020 ; gain = 406.363
---------------------------------------------------------------------------------
Start Timing Optimization
---------------------------------------------------------------------------------
No constraint files found.
---------------------------------------------------------------------------------
Finished Timing Optimization : Time (s): cpu = 00:00:18 ; elapsed = 00:00:17 . Memory (MB): peak = 538.020 ; gain = 406.363
---------------------------------------------------------------------------------
---------------------------------------------------------------------------------
Start Technology Mapping
---------------------------------------------------------------------------------
---------------------------------------------------------------------------------
Finished Technology Mapping : Time (s): cpu = 00:00:18 ; elapsed = 00:00:17 . Memory (MB): peak = 538.020 ; gain = 406.363
---------------------------------------------------------------------------------
---------------------------------------------------------------------------------
Start IO Insertion
---------------------------------------------------------------------------------
---------------------------------------------------------------------------------
Start Flattening Before IO Insertion
---------------------------------------------------------------------------------
---------------------------------------------------------------------------------
Finished Flattening Before IO Insertion
---------------------------------------------------------------------------------
---------------------------------------------------------------------------------
Start Final Netlist Cleanup
---------------------------------------------------------------------------------
---------------------------------------------------------------------------------
Finished Final Netlist Cleanup
---------------------------------------------------------------------------------
---------------------------------------------------------------------------------
Finished IO Insertion : Time (s): cpu = 00:00:18 ; elapsed = 00:00:17 . Memory (MB): peak = 538.020 ; gain = 406.363
---------------------------------------------------------------------------------

Report Check Netlist: 
+------+------------------+-------+---------+-------+------------------+
|      |Item              |Errors |Warnings |Status |Description       |
+------+------------------+-------+---------+-------+------------------+
|1     |multi_driven_nets |      0|        0|Passed |Multi driven nets |
+------+------------------+-------+---------+-------+------------------+
---------------------------------------------------------------------------------
Start Renaming Generated Instances
---------------------------------------------------------------------------------
---------------------------------------------------------------------------------
Finished Renaming Generated Instances : Time (s): cpu = 00:00:18 ; elapsed = 00:00:17 . Memory (MB): peak = 538.020 ; gain = 406.363
---------------------------------------------------------------------------------
---------------------------------------------------------------------------------
Start Rebuilding User Hierarchy
---------------------------------------------------------------------------------
---------------------------------------------------------------------------------
Finished Rebuilding User Hierarchy : Time (s): cpu = 00:00:18 ; elapsed = 00:00:17 . Memory (MB): peak = 538.020 ; gain = 406.363
---------------------------------------------------------------------------------
---------------------------------------------------------------------------------
Start RAM, DSP and Shift Register Reporting
---------------------------------------------------------------------------------
---------------------------------------------------------------------------------
Finished RAM, DSP and Shift Register Reporting
---------------------------------------------------------------------------------
---------------------------------------------------------------------------------
Start Writing Synthesis Report
---------------------------------------------------------------------------------

Report BlackBoxes: 
+-+--------------+----------+
| |BlackBox name |Instances |
+-+--------------+----------+
+-+--------------+----------+

Report Cell Usage: 
+-+-----+------+
| |Cell |Count |
+-+-----+------+
+-+-----+------+

Report Instance Areas: 
+------+---------+-------+------+
|      |Instance |Module |Cells |
+------+---------+-------+------+
|1     |top      |       |     0|
+------+---------+-------+------+
---------------------------------------------------------------------------------
Finished Writing Synthesis Report : Time (s): cpu = 00:00:18 ; elapsed = 00:00:17 . Memory (MB): peak = 538.020 ; gain = 406.363
---------------------------------------------------------------------------------
Synthesis finished with 0 errors, 0 critical warnings and 2048 warnings.
Synthesis Optimization Complete : Time (s): cpu = 00:00:18 ; elapsed = 00:00:17 . Memory (MB): peak = 538.020 ; gain = 406.363
INFO: [Opt 31-140] Inserted 0 IBUFs to IO ports without IO buffers.
INFO: [Opt 31-141] Inserted 0 OBUFs to IO ports without IO buffers.
INFO: [Opt 31-138] Pushed 0 inverter(s) to 0 load pin(s).
INFO: [Project 1-111] Unisim Transformation Summary:
No Unisim elements were transformed.

INFO: [Common 17-83] Releasing license: Synthesis
31 Infos, 100 Warnings, 0 Critical Warnings and 0 Errors encountered.
synth_design completed successfully
synth_design: Time (s): cpu = 00:00:17 ; elapsed = 00:00:17 . Memory (MB): peak = 538.020 ; gain = 359.184
# write_checkpoint single_cycle_riscv.dcp
# report_utilization -file single_cycle_riscv_utilization_synth.rpt -pb single_cycle_riscv_utilization_synth.pb
report_utilization: Time (s): cpu = 00:00:00 ; elapsed = 00:00:00.031 . Memory (MB): peak = 538.020 ; gain = 0.000
INFO: [Common 17-206] Exiting Vivado at Sat Nov 15 09:52:09 2025...
